Archive member included because of file (symbol)

c:/winavr-20100110/bin/../lib/gcc/avr/4.3.3/avr5\libgcc.a(_mulsi3.o)
                              ./MCAL/PWM.o (__mulsi3)
c:/winavr-20100110/bin/../lib/gcc/avr/4.3.3/avr5\libgcc.a(_divmodhi4.o)
                              ./Micro_Mouse_Services/micro_mouse.o (__divmodhi4)
c:/winavr-20100110/bin/../lib/gcc/avr/4.3.3/avr5\libgcc.a(_udivmodsi4.o)
                              ./MCAL/PWM.o (__udivmodsi4)
c:/winavr-20100110/bin/../lib/gcc/avr/4.3.3/avr5\libgcc.a(_exit.o)
                              c:/winavr-20100110/bin/../lib/gcc/avr/4.3.3/../../../../avr/lib/avr5/crtm32.o (exit)
c:/winavr-20100110/bin/../lib/gcc/avr/4.3.3/avr5\libgcc.a(_copy_data.o)
                              ./Micro_Mouse_Services/micro_mouse.o (__do_copy_data)
c:/winavr-20100110/bin/../lib/gcc/avr/4.3.3/avr5\libgcc.a(_clear_bss.o)
                              ./Micro_Mouse_Services/micro_mouse.o (__do_clear_bss)
c:/winavr-20100110/bin/../lib/gcc/avr/4.3.3/avr5\libgcc.a(_udivmodhi4.o)
                              c:/winavr-20100110/bin/../lib/gcc/avr/4.3.3/avr5\libgcc.a(_divmodhi4.o) (__udivmodhi4)
c:/winavr-20100110/bin/../lib/gcc/avr/4.3.3/../../../../avr/lib/avr5\libc.a(itoa.o)
                              ./HAL/lcd.o (itoa)
c:/winavr-20100110/bin/../lib/gcc/avr/4.3.3/../../../../avr/lib/avr5\libc.a(snprintf.o)
                              ./Micro_Mouse_Services/micro_mouse.o (snprintf)
c:/winavr-20100110/bin/../lib/gcc/avr/4.3.3/../../../../avr/lib/avr5\libc.a(vfprintf_std.o)
                              c:/winavr-20100110/bin/../lib/gcc/avr/4.3.3/../../../../avr/lib/avr5\libc.a(snprintf.o) (vfprintf)
c:/winavr-20100110/bin/../lib/gcc/avr/4.3.3/../../../../avr/lib/avr5\libc.a(strnlen_P.o)
                              c:/winavr-20100110/bin/../lib/gcc/avr/4.3.3/../../../../avr/lib/avr5\libc.a(vfprintf_std.o) (strnlen_P)
c:/winavr-20100110/bin/../lib/gcc/avr/4.3.3/../../../../avr/lib/avr5\libc.a(strnlen.o)
                              c:/winavr-20100110/bin/../lib/gcc/avr/4.3.3/../../../../avr/lib/avr5\libc.a(vfprintf_std.o) (strnlen)
c:/winavr-20100110/bin/../lib/gcc/avr/4.3.3/../../../../avr/lib/avr5\libc.a(strrev.o)
                              c:/winavr-20100110/bin/../lib/gcc/avr/4.3.3/../../../../avr/lib/avr5\libc.a(itoa.o) (strrev)
c:/winavr-20100110/bin/../lib/gcc/avr/4.3.3/../../../../avr/lib/avr5\libc.a(fputc.o)
                              c:/winavr-20100110/bin/../lib/gcc/avr/4.3.3/../../../../avr/lib/avr5\libc.a(vfprintf_std.o) (fputc)
c:/winavr-20100110/bin/../lib/gcc/avr/4.3.3/../../../../avr/lib/avr5\libc.a(ultoa_invert.o)
                              c:/winavr-20100110/bin/../lib/gcc/avr/4.3.3/../../../../avr/lib/avr5\libc.a(vfprintf_std.o) (__ultoa_invert)
c:/winavr-20100110/bin/../lib/gcc/avr/4.3.3/avr5\libgcc.a(_prologue.o)
                              c:/winavr-20100110/bin/../lib/gcc/avr/4.3.3/../../../../avr/lib/avr5\libc.a(snprintf.o) (__prologue_saves__)
c:/winavr-20100110/bin/../lib/gcc/avr/4.3.3/avr5\libgcc.a(_epilogue.o)
                              c:/winavr-20100110/bin/../lib/gcc/avr/4.3.3/../../../../avr/lib/avr5\libc.a(snprintf.o) (__epilogue_restores__)

Allocating common symbols
Common symbol       size              file

path_x              0x100             ./Micro_Mouse_Services/micro_mouse.o
queue_y             0x100             ./Micro_Mouse_Services/micro_mouse.o
distance            0x100             ./Micro_Mouse_Services/micro_mouse.o
maze                0x100             ./Micro_Mouse_Services/micro_mouse.o
queue_x             0x100             ./Micro_Mouse_Services/micro_mouse.o
path_dir            0x100             ./Micro_Mouse_Services/micro_mouse.o
path_y              0x100             ./Micro_Mouse_Services/micro_mouse.o

Memory Configuration

Name             Origin             Length             Attributes
text             0x00000000         0x00020000         xr
data             0x00800060         0x0000ffa0         rw !x
eeprom           0x00810000         0x00010000         rw !x
fuse             0x00820000         0x00000400         rw !x
lock             0x00830000         0x00000400         rw !x
signature        0x00840000         0x00000400         rw !x
*default*        0x00000000         0xffffffff

Linker script and memory map

LOAD c:/winavr-20100110/bin/../lib/gcc/avr/4.3.3/../../../../avr/lib/avr5/crtm32.o
LOAD ./Micro_Mouse_Services/micro_mouse.o
LOAD ./MCAL/PWM.o
LOAD ./MCAL/ext_int0.o
LOAD ./MCAL/gpio.o
LOAD ./HAL/DC_Motor.o
LOAD ./HAL/IR_sensor.o
LOAD ./HAL/lcd.o
LOAD ./APP/main.o
LOAD c:/winavr-20100110/bin/../lib/gcc/avr/4.3.3/avr5\libgcc.a
LOAD c:/winavr-20100110/bin/../lib/gcc/avr/4.3.3/../../../../avr/lib/avr5\libc.a
LOAD c:/winavr-20100110/bin/../lib/gcc/avr/4.3.3/avr5\libgcc.a

.hash
 *(.hash)

.dynsym
 *(.dynsym)

.dynstr
 *(.dynstr)

.gnu.version
 *(.gnu.version)

.gnu.version_d
 *(.gnu.version_d)

.gnu.version_r
 *(.gnu.version_r)

.rel.init
 *(.rel.init)

.rela.init
 *(.rela.init)

.rel.text
 *(.rel.text)
 *(.rel.text.*)
 *(.rel.gnu.linkonce.t*)

.rela.text
 *(.rela.text)
 *(.rela.text.*)
 *(.rela.gnu.linkonce.t*)

.rel.fini
 *(.rel.fini)

.rela.fini
 *(.rela.fini)

.rel.rodata
 *(.rel.rodata)
 *(.rel.rodata.*)
 *(.rel.gnu.linkonce.r*)

.rela.rodata
 *(.rela.rodata)
 *(.rela.rodata.*)
 *(.rela.gnu.linkonce.r*)

.rel.data
 *(.rel.data)
 *(.rel.data.*)
 *(.rel.gnu.linkonce.d*)

.rela.data
 *(.rela.data)
 *(.rela.data.*)
 *(.rela.gnu.linkonce.d*)

.rel.ctors
 *(.rel.ctors)

.rela.ctors
 *(.rela.ctors)

.rel.dtors
 *(.rel.dtors)

.rela.dtors
 *(.rela.dtors)

.rel.got
 *(.rel.got)

.rela.got
 *(.rela.got)

.rel.bss
 *(.rel.bss)

.rela.bss
 *(.rela.bss)

.rel.plt
 *(.rel.plt)

.rela.plt
 *(.rela.plt)

.text           0x00000000     0x1a5c
 *(.vectors)
 .vectors       0x00000000       0x54 c:/winavr-20100110/bin/../lib/gcc/avr/4.3.3/../../../../avr/lib/avr5/crtm32.o
                0x00000000                __vectors
                0x00000000                __vector_default
 *(.vectors)
 *(.progmem.gcc*)
 *(.progmem*)
                0x00000054                . = ALIGN (0x2)
                0x00000054                __trampolines_start = .
 *(.trampolines)
 .trampolines   0x00000054        0x0 linker stubs
 *(.trampolines*)
                0x00000054                __trampolines_end = .
 *(.jumptables)
 *(.jumptables*)
 *(.lowtext)
 *(.lowtext*)
                0x00000054                __ctors_start = .
 *(.ctors)
                0x00000054                __ctors_end = .
                0x00000054                __dtors_start = .
 *(.dtors)
                0x00000054                __dtors_end = .
 SORT(*)(.ctors)
 SORT(*)(.dtors)
 *(.init0)
 .init0         0x00000054        0x0 c:/winavr-20100110/bin/../lib/gcc/avr/4.3.3/../../../../avr/lib/avr5/crtm32.o
                0x00000054                __init
 *(.init0)
 *(.init1)
 *(.init1)
 *(.init2)
 .init2         0x00000054        0xc c:/winavr-20100110/bin/../lib/gcc/avr/4.3.3/../../../../avr/lib/avr5/crtm32.o
 *(.init2)
 *(.init3)
 *(.init3)
 *(.init4)
 .init4         0x00000060       0x16 c:/winavr-20100110/bin/../lib/gcc/avr/4.3.3/avr5\libgcc.a(_copy_data.o)
                0x00000060                __do_copy_data
 .init4         0x00000076       0x10 c:/winavr-20100110/bin/../lib/gcc/avr/4.3.3/avr5\libgcc.a(_clear_bss.o)
                0x00000076                __do_clear_bss
 *(.init4)
 *(.init5)
 *(.init5)
 *(.init6)
 *(.init6)
 *(.init7)
 *(.init7)
 *(.init8)
 *(.init8)
 *(.init9)
 .init9         0x00000086        0x8 c:/winavr-20100110/bin/../lib/gcc/avr/4.3.3/../../../../avr/lib/avr5/crtm32.o
 *(.init9)
 *(.text)
 .text          0x0000008e        0x4 c:/winavr-20100110/bin/../lib/gcc/avr/4.3.3/../../../../avr/lib/avr5/crtm32.o
                0x0000008e                __vector_12
                0x0000008e                __bad_interrupt
                0x0000008e                __vector_6
                0x0000008e                __vector_3
                0x0000008e                __vector_11
                0x0000008e                __vector_13
                0x0000008e                __vector_17
                0x0000008e                __vector_19
                0x0000008e                __vector_7
                0x0000008e                __vector_5
                0x0000008e                __vector_4
                0x0000008e                __vector_9
                0x0000008e                __vector_2
                0x0000008e                __vector_15
                0x0000008e                __vector_8
                0x0000008e                __vector_14
                0x0000008e                __vector_10
                0x0000008e                __vector_16
                0x0000008e                __vector_18
                0x0000008e                __vector_20
 .text          0x00000092        0x0 ./Micro_Mouse_Services/micro_mouse.o
 .text          0x00000092        0x0 ./MCAL/PWM.o
 .text          0x00000092        0x0 ./MCAL/ext_int0.o
 .text          0x00000092        0x0 ./MCAL/gpio.o
 .text          0x00000092        0x0 ./HAL/DC_Motor.o
 .text          0x00000092        0x0 ./HAL/IR_sensor.o
 .text          0x00000092        0x0 ./HAL/lcd.o
 .text          0x00000092        0x0 ./APP/main.o
 .text          0x00000092        0x0 c:/winavr-20100110/bin/../lib/gcc/avr/4.3.3/avr5\libgcc.a(_mulsi3.o)
 .text          0x00000092        0x0 c:/winavr-20100110/bin/../lib/gcc/avr/4.3.3/avr5\libgcc.a(_divmodhi4.o)
 .text          0x00000092        0x0 c:/winavr-20100110/bin/../lib/gcc/avr/4.3.3/avr5\libgcc.a(_udivmodsi4.o)
 .text          0x00000092        0x0 c:/winavr-20100110/bin/../lib/gcc/avr/4.3.3/avr5\libgcc.a(_exit.o)
 .text          0x00000092        0x0 c:/winavr-20100110/bin/../lib/gcc/avr/4.3.3/avr5\libgcc.a(_copy_data.o)
 .text          0x00000092        0x0 c:/winavr-20100110/bin/../lib/gcc/avr/4.3.3/avr5\libgcc.a(_clear_bss.o)
 .text          0x00000092        0x0 c:/winavr-20100110/bin/../lib/gcc/avr/4.3.3/avr5\libgcc.a(_udivmodhi4.o)
 .text          0x00000092        0x0 c:/winavr-20100110/bin/../lib/gcc/avr/4.3.3/../../../../avr/lib/avr5\libc.a(itoa.o)
 .text          0x00000092        0x0 c:/winavr-20100110/bin/../lib/gcc/avr/4.3.3/../../../../avr/lib/avr5\libc.a(snprintf.o)
 .text          0x00000092        0x0 c:/winavr-20100110/bin/../lib/gcc/avr/4.3.3/../../../../avr/lib/avr5\libc.a(vfprintf_std.o)
 .text          0x00000092        0x0 c:/winavr-20100110/bin/../lib/gcc/avr/4.3.3/../../../../avr/lib/avr5\libc.a(strnlen_P.o)
 .text          0x00000092        0x0 c:/winavr-20100110/bin/../lib/gcc/avr/4.3.3/../../../../avr/lib/avr5\libc.a(strnlen.o)
 .text          0x00000092        0x0 c:/winavr-20100110/bin/../lib/gcc/avr/4.3.3/../../../../avr/lib/avr5\libc.a(strrev.o)
 .text          0x00000092        0x0 c:/winavr-20100110/bin/../lib/gcc/avr/4.3.3/../../../../avr/lib/avr5\libc.a(fputc.o)
 .text          0x00000092        0x0 c:/winavr-20100110/bin/../lib/gcc/avr/4.3.3/../../../../avr/lib/avr5\libc.a(ultoa_invert.o)
 .text          0x00000092        0x0 c:/winavr-20100110/bin/../lib/gcc/avr/4.3.3/avr5\libgcc.a(_prologue.o)
 .text          0x00000092        0x0 c:/winavr-20100110/bin/../lib/gcc/avr/4.3.3/avr5\libgcc.a(_epilogue.o)
                0x00000092                . = ALIGN (0x2)
 *(.text.*)
 .text.floodfill
                0x00000092      0x1b2 ./Micro_Mouse_Services/micro_mouse.o
                0x00000092                floodfill
 .text.build_shortest_path
                0x00000244      0x1c8 ./Micro_Mouse_Services/micro_mouse.o
                0x00000244                build_shortest_path
 .text.choose_next_direction
                0x0000040c       0xa6 ./Micro_Mouse_Services/micro_mouse.o
                0x0000040c                choose_next_direction
 .text.move_forward_one_cell
                0x000004b2       0x8a ./Micro_Mouse_Services/micro_mouse.o
                0x000004b2                move_forward_one_cell
 .text.rotate_to_dir
                0x0000053c       0xfa ./Micro_Mouse_Services/micro_mouse.o
                0x0000053c                rotate_to_dir
 .text.replay_path
                0x00000636      0x174 ./Micro_Mouse_Services/micro_mouse.o
                0x00000636                replay_path
 .text.__vector_1
                0x000007aa       0x50 ./Micro_Mouse_Services/micro_mouse.o
                0x000007aa                __vector_1
 .text.update_walls
                0x000007fa      0x1b4 ./Micro_Mouse_Services/micro_mouse.o
                0x000007fa                update_walls
 .text.PWM_Timer0_Start
                0x000009ae       0x2c ./MCAL/PWM.o
                0x000009ae                PWM_Timer0_Start
 .text.ext_int0_init
                0x000009da       0x18 ./MCAL/ext_int0.o
                0x000009da                ext_int0_init
 .text.GPIO_setupPinDirection
                0x000009f2       0xe8 ./MCAL/gpio.o
                0x000009f2                GPIO_setupPinDirection
 .text.GPIO_writePin
                0x00000ada       0xe8 ./MCAL/gpio.o
                0x00000ada                GPIO_writePin
 .text.GPIO_readPin
                0x00000bc2       0x3c ./MCAL/gpio.o
                0x00000bc2                GPIO_readPin
 .text.GPIO_setupPortDirection
                0x00000bfe       0x26 ./MCAL/gpio.o
                0x00000bfe                GPIO_setupPortDirection
 .text.GPIO_writePort
                0x00000c24       0x26 ./MCAL/gpio.o
                0x00000c24                GPIO_writePort
 .text.GPIO_readPort
                0x00000c4a       0x2a ./MCAL/gpio.o
                0x00000c4a                GPIO_readPort
 .text.DC_RIGHT_INIT
                0x00000c74       0x16 ./HAL/DC_Motor.o
                0x00000c74                DC_RIGHT_INIT
 .text.DC_LEFT_INIT
                0x00000c8a       0x16 ./HAL/DC_Motor.o
                0x00000c8a                DC_LEFT_INIT
 .text.DC_RIGHT
                0x00000ca0       0x38 ./HAL/DC_Motor.o
                0x00000ca0                DC_RIGHT
 .text.DC_LEFT  0x00000cd8       0x38 ./HAL/DC_Motor.o
                0x00000cd8                DC_LEFT
 .text.IR1_init
                0x00000d10        0x4 ./HAL/IR_sensor.o
                0x00000d10                IR1_init
 .text.IR2_init
                0x00000d14        0x4 ./HAL/IR_sensor.o
                0x00000d14                IR2_init
 .text.IR3_init
                0x00000d18        0x4 ./HAL/IR_sensor.o
                0x00000d18                IR3_init
 .text.IR6_init
                0x00000d1c        0x4 ./HAL/IR_sensor.o
                0x00000d1c                IR6_init
 .text.IR7_init
                0x00000d20        0x4 ./HAL/IR_sensor.o
                0x00000d20                IR7_init
 .text.IR8_init
                0x00000d24        0x4 ./HAL/IR_sensor.o
                0x00000d24                IR8_init
 .text.IR1_getState
                0x00000d28        0x6 ./HAL/IR_sensor.o
                0x00000d28                IR1_getState
 .text.IR2_getState
                0x00000d2e        0xc ./HAL/IR_sensor.o
                0x00000d2e                IR2_getState
 .text.IR3_getState
                0x00000d3a       0x10 ./HAL/IR_sensor.o
                0x00000d3a                IR3_getState
 .text.IR6_getState
                0x00000d4a       0x12 ./HAL/IR_sensor.o
                0x00000d4a                IR6_getState
 .text.IR7_getState
                0x00000d5c       0x12 ./HAL/IR_sensor.o
                0x00000d5c                IR7_getState
 .text.IR8_getState
                0x00000d6e        0xa ./HAL/IR_sensor.o
                0x00000d6e                IR8_getState
 .text.LCD_displayCharacter
                0x00000d78      0x126 ./HAL/lcd.o
                0x00000d78                LCD_displayCharacter
 .text.LCD_displayString
                0x00000e9e       0x26 ./HAL/lcd.o
                0x00000e9e                LCD_displayString
 .text.LCD_intgerToString
                0x00000ec4       0x44 ./HAL/lcd.o
                0x00000ec4                LCD_intgerToString
 .text.LCD_sendCommand
                0x00000f08      0x126 ./HAL/lcd.o
                0x00000f08                LCD_sendCommand
 .text.LCD_clearScreen
                0x0000102e        0x8 ./HAL/lcd.o
                0x0000102e                LCD_clearScreen
 .text.LCD_moveCursor
                0x00001036       0x26 ./HAL/lcd.o
                0x00001036                LCD_moveCursor
 .text.LCD_displayStringRowColumn
                0x0000105c       0x16 ./HAL/lcd.o
                0x0000105c                LCD_displayStringRowColumn
 .text.LCD_init
                0x00001072       0x6e ./HAL/lcd.o
                0x00001072                LCD_init
 .text.main     0x000010e0      0x27c ./APP/main.o
                0x000010e0                main
 .text.libgcc   0x0000135c       0x3e c:/winavr-20100110/bin/../lib/gcc/avr/4.3.3/avr5\libgcc.a(_mulsi3.o)
                0x0000135c                __mulsi3
 .text.libgcc   0x0000139a       0x26 c:/winavr-20100110/bin/../lib/gcc/avr/4.3.3/avr5\libgcc.a(_divmodhi4.o)
                0x0000139a                __divmodhi4
                0x0000139a                _div
 .text.libgcc   0x000013c0       0x44 c:/winavr-20100110/bin/../lib/gcc/avr/4.3.3/avr5\libgcc.a(_udivmodsi4.o)
                0x000013c0                __udivmodsi4
 .text.libgcc   0x00001404        0x0 c:/winavr-20100110/bin/../lib/gcc/avr/4.3.3/avr5\libgcc.a(_exit.o)
 .text.libgcc   0x00001404        0x0 c:/winavr-20100110/bin/../lib/gcc/avr/4.3.3/avr5\libgcc.a(_copy_data.o)
 .text.libgcc   0x00001404        0x0 c:/winavr-20100110/bin/../lib/gcc/avr/4.3.3/avr5\libgcc.a(_clear_bss.o)
 .text.libgcc   0x00001404       0x28 c:/winavr-20100110/bin/../lib/gcc/avr/4.3.3/avr5\libgcc.a(_udivmodhi4.o)
                0x00001404                __udivmodhi4
 .text.avr-libc
                0x0000142c       0x42 c:/winavr-20100110/bin/../lib/gcc/avr/4.3.3/../../../../avr/lib/avr5\libc.a(itoa.o)
                0x0000142c                itoa
 .text.avr-libc
                0x0000146e       0x62 c:/winavr-20100110/bin/../lib/gcc/avr/4.3.3/../../../../avr/lib/avr5\libc.a(snprintf.o)
                0x0000146e                snprintf
 .text.avr-libc
                0x000014d0      0x3ba c:/winavr-20100110/bin/../lib/gcc/avr/4.3.3/../../../../avr/lib/avr5\libc.a(vfprintf_std.o)
                0x000014d0                vfprintf
 .text.avr-libc
                0x0000188a       0x16 c:/winavr-20100110/bin/../lib/gcc/avr/4.3.3/../../../../avr/lib/avr5\libc.a(strnlen_P.o)
                0x0000188a                strnlen_P
 .text.avr-libc
                0x000018a0       0x16 c:/winavr-20100110/bin/../lib/gcc/avr/4.3.3/../../../../avr/lib/avr5\libc.a(strnlen.o)
                0x000018a0                strnlen
 .text.avr-libc
                0x000018b6       0x20 c:/winavr-20100110/bin/../lib/gcc/avr/4.3.3/../../../../avr/lib/avr5\libc.a(strrev.o)
                0x000018b6                strrev
 .text.avr-libc
                0x000018d6       0x58 c:/winavr-20100110/bin/../lib/gcc/avr/4.3.3/../../../../avr/lib/avr5\libc.a(fputc.o)
                0x000018d6                fputc
 .text.avr-libc
                0x0000192e       0xbc c:/winavr-20100110/bin/../lib/gcc/avr/4.3.3/../../../../avr/lib/avr5\libc.a(ultoa_invert.o)
                0x0000192e                __ultoa_invert
 .text.libgcc   0x000019ea       0x38 c:/winavr-20100110/bin/../lib/gcc/avr/4.3.3/avr5\libgcc.a(_prologue.o)
                0x000019ea                __prologue_saves__
 .text.libgcc   0x00001a22       0x36 c:/winavr-20100110/bin/../lib/gcc/avr/4.3.3/avr5\libgcc.a(_epilogue.o)
                0x00001a22                __epilogue_restores__
                0x00001a58                . = ALIGN (0x2)
 *(.fini9)
 .fini9         0x00001a58        0x0 c:/winavr-20100110/bin/../lib/gcc/avr/4.3.3/avr5\libgcc.a(_exit.o)
                0x00001a58                exit
                0x00001a58                _exit
 *(.fini9)
 *(.fini8)
 *(.fini8)
 *(.fini7)
 *(.fini7)
 *(.fini6)
 *(.fini6)
 *(.fini5)
 *(.fini5)
 *(.fini4)
 *(.fini4)
 *(.fini3)
 *(.fini3)
 *(.fini2)
 *(.fini2)
 *(.fini1)
 *(.fini1)
 *(.fini0)
 .fini0         0x00001a58        0x4 c:/winavr-20100110/bin/../lib/gcc/avr/4.3.3/avr5\libgcc.a(_exit.o)
 *(.fini0)
                0x00001a5c                _etext = .

.data           0x00800060       0xae load address 0x00001a5c
                0x00800060                PROVIDE (__data_start, .)
 *(.data)
 .data          0x00800060        0x0 c:/winavr-20100110/bin/../lib/gcc/avr/4.3.3/../../../../avr/lib/avr5/crtm32.o
 .data          0x00800060       0x4f ./Micro_Mouse_Services/micro_mouse.o
 .data          0x008000af        0x0 ./MCAL/PWM.o
 .data          0x008000af        0x0 ./MCAL/ext_int0.o
 .data          0x008000af        0x0 ./MCAL/gpio.o
 .data          0x008000af        0x0 ./HAL/DC_Motor.o
 .data          0x008000af        0x0 ./HAL/IR_sensor.o
 .data          0x008000af        0x0 ./HAL/lcd.o
 .data          0x008000af       0x47 ./APP/main.o
 .data          0x008000f6        0x0 c:/winavr-20100110/bin/../lib/gcc/avr/4.3.3/avr5\libgcc.a(_mulsi3.o)
 .data          0x008000f6        0x0 c:/winavr-20100110/bin/../lib/gcc/avr/4.3.3/avr5\libgcc.a(_divmodhi4.o)
 .data          0x008000f6        0x0 c:/winavr-20100110/bin/../lib/gcc/avr/4.3.3/avr5\libgcc.a(_udivmodsi4.o)
 .data          0x008000f6        0x0 c:/winavr-20100110/bin/../lib/gcc/avr/4.3.3/avr5\libgcc.a(_exit.o)
 .data          0x008000f6        0x0 c:/winavr-20100110/bin/../lib/gcc/avr/4.3.3/avr5\libgcc.a(_copy_data.o)
 .data          0x008000f6        0x0 c:/winavr-20100110/bin/../lib/gcc/avr/4.3.3/avr5\libgcc.a(_clear_bss.o)
 .data          0x008000f6        0x0 c:/winavr-20100110/bin/../lib/gcc/avr/4.3.3/avr5\libgcc.a(_udivmodhi4.o)
 .data          0x008000f6        0x0 c:/winavr-20100110/bin/../lib/gcc/avr/4.3.3/../../../../avr/lib/avr5\libc.a(itoa.o)
 .data          0x008000f6        0x0 c:/winavr-20100110/bin/../lib/gcc/avr/4.3.3/../../../../avr/lib/avr5\libc.a(snprintf.o)
 .data          0x008000f6        0x0 c:/winavr-20100110/bin/../lib/gcc/avr/4.3.3/../../../../avr/lib/avr5\libc.a(vfprintf_std.o)
 .data          0x008000f6        0x0 c:/winavr-20100110/bin/../lib/gcc/avr/4.3.3/../../../../avr/lib/avr5\libc.a(strnlen_P.o)
 .data          0x008000f6        0x0 c:/winavr-20100110/bin/../lib/gcc/avr/4.3.3/../../../../avr/lib/avr5\libc.a(strnlen.o)
 .data          0x008000f6        0x0 c:/winavr-20100110/bin/../lib/gcc/avr/4.3.3/../../../../avr/lib/avr5\libc.a(strrev.o)
 .data          0x008000f6        0x0 c:/winavr-20100110/bin/../lib/gcc/avr/4.3.3/../../../../avr/lib/avr5\libc.a(fputc.o)
 .data          0x008000f6        0x0 c:/winavr-20100110/bin/../lib/gcc/avr/4.3.3/../../../../avr/lib/avr5\libc.a(ultoa_invert.o)
 .data          0x008000f6        0x0 c:/winavr-20100110/bin/../lib/gcc/avr/4.3.3/avr5\libgcc.a(_prologue.o)
 .data          0x008000f6        0x0 c:/winavr-20100110/bin/../lib/gcc/avr/4.3.3/avr5\libgcc.a(_epilogue.o)
 *(.data*)
 .data.dx       0x008000f6        0x8 ./Micro_Mouse_Services/micro_mouse.o
                0x008000f6                dx
 .data.dy       0x008000fe        0x8 ./Micro_Mouse_Services/micro_mouse.o
                0x008000fe                dy
 *(.rodata)
 *(.rodata*)
 .rodata.C.8.1534
                0x00800106        0x8 ./APP/main.o
 *(.gnu.linkonce.d*)
                0x0080010e                . = ALIGN (0x2)
                0x0080010e                _edata = .
                0x0080010e                PROVIDE (__data_end, .)

.bss            0x0080010e      0x708
                0x0080010e                PROVIDE (__bss_start, .)
 *(.bss)
 .bss           0x0080010e        0x0 c:/winavr-20100110/bin/../lib/gcc/avr/4.3.3/../../../../avr/lib/avr5/crtm32.o
 .bss           0x0080010e        0x0 ./Micro_Mouse_Services/micro_mouse.o
 .bss           0x0080010e        0x0 ./MCAL/PWM.o
 .bss           0x0080010e        0x0 ./MCAL/ext_int0.o
 .bss           0x0080010e        0x0 ./MCAL/gpio.o
 .bss           0x0080010e        0x0 ./HAL/DC_Motor.o
 .bss           0x0080010e        0x0 ./HAL/IR_sensor.o
 .bss           0x0080010e        0x0 ./HAL/lcd.o
 .bss           0x0080010e        0x0 ./APP/main.o
 .bss           0x0080010e        0x0 c:/winavr-20100110/bin/../lib/gcc/avr/4.3.3/avr5\libgcc.a(_mulsi3.o)
 .bss           0x0080010e        0x0 c:/winavr-20100110/bin/../lib/gcc/avr/4.3.3/avr5\libgcc.a(_divmodhi4.o)
 .bss           0x0080010e        0x0 c:/winavr-20100110/bin/../lib/gcc/avr/4.3.3/avr5\libgcc.a(_udivmodsi4.o)
 .bss           0x0080010e        0x0 c:/winavr-20100110/bin/../lib/gcc/avr/4.3.3/avr5\libgcc.a(_exit.o)
 .bss           0x0080010e        0x0 c:/winavr-20100110/bin/../lib/gcc/avr/4.3.3/avr5\libgcc.a(_copy_data.o)
 .bss           0x0080010e        0x0 c:/winavr-20100110/bin/../lib/gcc/avr/4.3.3/avr5\libgcc.a(_clear_bss.o)
 .bss           0x0080010e        0x0 c:/winavr-20100110/bin/../lib/gcc/avr/4.3.3/avr5\libgcc.a(_udivmodhi4.o)
 .bss           0x0080010e        0x0 c:/winavr-20100110/bin/../lib/gcc/avr/4.3.3/../../../../avr/lib/avr5\libc.a(itoa.o)
 .bss           0x0080010e        0x0 c:/winavr-20100110/bin/../lib/gcc/avr/4.3.3/../../../../avr/lib/avr5\libc.a(snprintf.o)
 .bss           0x0080010e        0x0 c:/winavr-20100110/bin/../lib/gcc/avr/4.3.3/../../../../avr/lib/avr5\libc.a(vfprintf_std.o)
 .bss           0x0080010e        0x0 c:/winavr-20100110/bin/../lib/gcc/avr/4.3.3/../../../../avr/lib/avr5\libc.a(strnlen_P.o)
 .bss           0x0080010e        0x0 c:/winavr-20100110/bin/../lib/gcc/avr/4.3.3/../../../../avr/lib/avr5\libc.a(strnlen.o)
 .bss           0x0080010e        0x0 c:/winavr-20100110/bin/../lib/gcc/avr/4.3.3/../../../../avr/lib/avr5\libc.a(strrev.o)
 .bss           0x0080010e        0x0 c:/winavr-20100110/bin/../lib/gcc/avr/4.3.3/../../../../avr/lib/avr5\libc.a(fputc.o)
 .bss           0x0080010e        0x0 c:/winavr-20100110/bin/../lib/gcc/avr/4.3.3/../../../../avr/lib/avr5\libc.a(ultoa_invert.o)
 .bss           0x0080010e        0x0 c:/winavr-20100110/bin/../lib/gcc/avr/4.3.3/avr5\libgcc.a(_prologue.o)
 .bss           0x0080010e        0x0 c:/winavr-20100110/bin/../lib/gcc/avr/4.3.3/avr5\libgcc.a(_epilogue.o)
 *(.bss*)
 .bss.goal_reached
                0x0080010e        0x1 ./Micro_Mouse_Services/micro_mouse.o
                0x0080010e                goal_reached
 .bss.pos_x     0x0080010f        0x2 ./Micro_Mouse_Services/micro_mouse.o
                0x0080010f                pos_x
 .bss.pos_y     0x00800111        0x2 ./Micro_Mouse_Services/micro_mouse.o
                0x00800111                pos_y
 .bss.heading   0x00800113        0x1 ./Micro_Mouse_Services/micro_mouse.o
                0x00800113                heading
 .bss.path_len  0x00800114        0x2 ./Micro_Mouse_Services/micro_mouse.o
                0x00800114                path_len
 *(COMMON)
 COMMON         0x00800116      0x700 ./Micro_Mouse_Services/micro_mouse.o
                0x00800116                path_x
                0x00800216                queue_y
                0x00800316                distance
                0x00800416                maze
                0x00800516                queue_x
                0x00800616                path_dir
                0x00800716                path_y
                0x00800816                PROVIDE (__bss_end, .)
                0x00001a5c                __data_load_start = LOADADDR (.data)
                0x00001b0a                __data_load_end = (__data_load_start + SIZEOF (.data))

.noinit         0x00800816        0x0
                0x00800816                PROVIDE (__noinit_start, .)
 *(.noinit*)
                0x00800816                PROVIDE (__noinit_end, .)
                0x00800816                _end = .
                0x00800816                PROVIDE (__heap_start, .)

.eeprom         0x00810000        0x0
 *(.eeprom*)
                0x00810000                __eeprom_end = .

.fuse
 *(.fuse)
 *(.lfuse)
 *(.hfuse)
 *(.efuse)

.lock
 *(.lock*)

.signature
 *(.signature*)

.stab           0x00000000     0x3330
 *(.stab)
 .stab          0x00000000     0x13d4 ./Micro_Mouse_Services/micro_mouse.o
 .stab          0x000013d4      0x21c ./MCAL/PWM.o
                                0x3d8 (size before relaxing)
 .stab          0x000015f0      0x174 ./MCAL/ext_int0.o
                                0x330 (size before relaxing)
 .stab          0x00001764      0x564 ./MCAL/gpio.o
                                0x7b0 (size before relaxing)
 .stab          0x00001cc8      0x3a8 ./HAL/DC_Motor.o
                                0x564 (size before relaxing)
 .stab          0x00002070      0x378 ./HAL/IR_sensor.o
                                0x534 (size before relaxing)
 .stab          0x000023e8      0x858 ./HAL/lcd.o
                                0xa74 (size before relaxing)
 .stab          0x00002c40      0x6f0 ./APP/main.o
                                0x8ac (size before relaxing)

.stabstr        0x00000000     0x177d
 *(.stabstr)
 .stabstr       0x00000000     0x177d ./Micro_Mouse_Services/micro_mouse.o

.stab.excl
 *(.stab.excl)

.stab.exclstr
 *(.stab.exclstr)

.stab.index
 *(.stab.index)

.stab.indexstr
 *(.stab.indexstr)

.comment
 *(.comment)

.debug
 *(.debug)

.line
 *(.line)

.debug_srcinfo
 *(.debug_srcinfo)

.debug_sfnames
 *(.debug_sfnames)

.debug_aranges
 *(.debug_aranges)

.debug_pubnames
 *(.debug_pubnames)

.debug_info
 *(.debug_info)
 *(.gnu.linkonce.wi.*)

.debug_abbrev
 *(.debug_abbrev)

.debug_line
 *(.debug_line)

.debug_frame
 *(.debug_frame)

.debug_str
 *(.debug_str)

.debug_loc
 *(.debug_loc)

.debug_macinfo
 *(.debug_macinfo)
OUTPUT(motor_micromouse.elf elf32-avr)
LOAD linker stubs
