Archive member included because of file (symbol)

c:/winavr-20100110/bin/../lib/gcc/avr/4.3.3/avr5\libgcc.a(_divmodhi4.o)
                              ./Micro_Mouse_Services/micro_mouse.o (__divmodhi4)
c:/winavr-20100110/bin/../lib/gcc/avr/4.3.3/avr5\libgcc.a(_exit.o)
                              c:/winavr-20100110/bin/../lib/gcc/avr/4.3.3/../../../../avr/lib/avr5/crtm32.o (exit)
c:/winavr-20100110/bin/../lib/gcc/avr/4.3.3/avr5\libgcc.a(_copy_data.o)
                              ./Micro_Mouse_Services/micro_mouse.o (__do_copy_data)
c:/winavr-20100110/bin/../lib/gcc/avr/4.3.3/avr5\libgcc.a(_clear_bss.o)
                              ./Micro_Mouse_Services/micro_mouse.o (__do_clear_bss)
c:/winavr-20100110/bin/../lib/gcc/avr/4.3.3/avr5\libgcc.a(_udivmodhi4.o)
                              c:/winavr-20100110/bin/../lib/gcc/avr/4.3.3/avr5\libgcc.a(_divmodhi4.o) (__udivmodhi4)

Allocating common symbols
Common symbol       size              file

path_x              0x40              ./Micro_Mouse_Services/micro_mouse.o
queue_y             0x40              ./Micro_Mouse_Services/micro_mouse.o
distance            0x40              ./Micro_Mouse_Services/micro_mouse.o
maze                0x40              ./Micro_Mouse_Services/micro_mouse.o
queue_x             0x40              ./Micro_Mouse_Services/micro_mouse.o
path_dir            0x40              ./Micro_Mouse_Services/micro_mouse.o
path_y              0x40              ./Micro_Mouse_Services/micro_mouse.o

Memory Configuration

Name             Origin             Length             Attributes
text             0x00000000         0x00020000         xr
data             0x00800060         0x0000ffa0         rw !x
eeprom           0x00810000         0x00010000         rw !x
fuse             0x00820000         0x00000400         rw !x
lock             0x00830000         0x00000400         rw !x
signature        0x00840000         0x00000400         rw !x
*default*        0x00000000         0xffffffff

Linker script and memory map

LOAD c:/winavr-20100110/bin/../lib/gcc/avr/4.3.3/../../../../avr/lib/avr5/crtm32.o
LOAD ./Micro_Mouse_Services/micro_mouse.o
LOAD ./MCAL/gpio.o
LOAD ./HAL/DC_Motor.o
LOAD ./HAL/IR_sensor.o
LOAD ./APP/main.o
LOAD c:/winavr-20100110/bin/../lib/gcc/avr/4.3.3/avr5\libgcc.a
LOAD c:/winavr-20100110/bin/../lib/gcc/avr/4.3.3/../../../../avr/lib/avr5\libc.a
LOAD c:/winavr-20100110/bin/../lib/gcc/avr/4.3.3/avr5\libgcc.a

.hash
 *(.hash)

.dynsym
 *(.dynsym)

.dynstr
 *(.dynstr)

.gnu.version
 *(.gnu.version)

.gnu.version_d
 *(.gnu.version_d)

.gnu.version_r
 *(.gnu.version_r)

.rel.init
 *(.rel.init)

.rela.init
 *(.rela.init)

.rel.text
 *(.rel.text)
 *(.rel.text.*)
 *(.rel.gnu.linkonce.t*)

.rela.text
 *(.rela.text)
 *(.rela.text.*)
 *(.rela.gnu.linkonce.t*)

.rel.fini
 *(.rel.fini)

.rela.fini
 *(.rela.fini)

.rel.rodata
 *(.rel.rodata)
 *(.rel.rodata.*)
 *(.rel.gnu.linkonce.r*)

.rela.rodata
 *(.rela.rodata)
 *(.rela.rodata.*)
 *(.rela.gnu.linkonce.r*)

.rel.data
 *(.rel.data)
 *(.rel.data.*)
 *(.rel.gnu.linkonce.d*)

.rela.data
 *(.rela.data)
 *(.rela.data.*)
 *(.rela.gnu.linkonce.d*)

.rel.ctors
 *(.rel.ctors)

.rela.ctors
 *(.rela.ctors)

.rel.dtors
 *(.rel.dtors)

.rela.dtors
 *(.rela.dtors)

.rel.got
 *(.rel.got)

.rela.got
 *(.rela.got)

.rel.bss
 *(.rel.bss)

.rela.bss
 *(.rela.bss)

.rel.plt
 *(.rel.plt)

.rela.plt
 *(.rela.plt)

.text           0x00000000     0x119a
 *(.vectors)
 .vectors       0x00000000       0x54 c:/winavr-20100110/bin/../lib/gcc/avr/4.3.3/../../../../avr/lib/avr5/crtm32.o
                0x00000000                __vectors
                0x00000000                __vector_default
 *(.vectors)
 *(.progmem.gcc*)
 *(.progmem*)
                0x00000054                . = ALIGN (0x2)
                0x00000054                __trampolines_start = .
 *(.trampolines)
 .trampolines   0x00000054        0x0 linker stubs
 *(.trampolines*)
                0x00000054                __trampolines_end = .
 *(.jumptables)
 *(.jumptables*)
 *(.lowtext)
 *(.lowtext*)
                0x00000054                __ctors_start = .
 *(.ctors)
                0x00000054                __ctors_end = .
                0x00000054                __dtors_start = .
 *(.dtors)
                0x00000054                __dtors_end = .
 SORT(*)(.ctors)
 SORT(*)(.dtors)
 *(.init0)
 .init0         0x00000054        0x0 c:/winavr-20100110/bin/../lib/gcc/avr/4.3.3/../../../../avr/lib/avr5/crtm32.o
                0x00000054                __init
 *(.init0)
 *(.init1)
 *(.init1)
 *(.init2)
 .init2         0x00000054        0xc c:/winavr-20100110/bin/../lib/gcc/avr/4.3.3/../../../../avr/lib/avr5/crtm32.o
 *(.init2)
 *(.init3)
 *(.init3)
 *(.init4)
 .init4         0x00000060       0x16 c:/winavr-20100110/bin/../lib/gcc/avr/4.3.3/avr5\libgcc.a(_copy_data.o)
                0x00000060                __do_copy_data
 .init4         0x00000076       0x10 c:/winavr-20100110/bin/../lib/gcc/avr/4.3.3/avr5\libgcc.a(_clear_bss.o)
                0x00000076                __do_clear_bss
 *(.init4)
 *(.init5)
 *(.init5)
 *(.init6)
 *(.init6)
 *(.init7)
 *(.init7)
 *(.init8)
 *(.init8)
 *(.init9)
 .init9         0x00000086        0x8 c:/winavr-20100110/bin/../lib/gcc/avr/4.3.3/../../../../avr/lib/avr5/crtm32.o
 *(.init9)
 *(.text)
 .text          0x0000008e        0x4 c:/winavr-20100110/bin/../lib/gcc/avr/4.3.3/../../../../avr/lib/avr5/crtm32.o
                0x0000008e                __vector_12
                0x0000008e                __bad_interrupt
                0x0000008e                __vector_6
                0x0000008e                __vector_3
                0x0000008e                __vector_11
                0x0000008e                __vector_13
                0x0000008e                __vector_17
                0x0000008e                __vector_19
                0x0000008e                __vector_7
                0x0000008e                __vector_5
                0x0000008e                __vector_4
                0x0000008e                __vector_9
                0x0000008e                __vector_2
                0x0000008e                __vector_15
                0x0000008e                __vector_8
                0x0000008e                __vector_14
                0x0000008e                __vector_10
                0x0000008e                __vector_16
                0x0000008e                __vector_18
                0x0000008e                __vector_20
 .text          0x00000092        0x0 ./Micro_Mouse_Services/micro_mouse.o
 .text          0x00000092        0x0 ./MCAL/gpio.o
 .text          0x00000092        0x0 ./HAL/DC_Motor.o
 .text          0x00000092        0x0 ./HAL/IR_sensor.o
 .text          0x00000092        0x0 ./APP/main.o
 .text          0x00000092        0x0 c:/winavr-20100110/bin/../lib/gcc/avr/4.3.3/avr5\libgcc.a(_divmodhi4.o)
 .text          0x00000092        0x0 c:/winavr-20100110/bin/../lib/gcc/avr/4.3.3/avr5\libgcc.a(_exit.o)
 .text          0x00000092        0x0 c:/winavr-20100110/bin/../lib/gcc/avr/4.3.3/avr5\libgcc.a(_copy_data.o)
 .text          0x00000092        0x0 c:/winavr-20100110/bin/../lib/gcc/avr/4.3.3/avr5\libgcc.a(_clear_bss.o)
 .text          0x00000092        0x0 c:/winavr-20100110/bin/../lib/gcc/avr/4.3.3/avr5\libgcc.a(_udivmodhi4.o)
                0x00000092                . = ALIGN (0x2)
 *(.text.*)
 .text.floodfill
                0x00000092      0x1b2 ./Micro_Mouse_Services/micro_mouse.o
                0x00000092                floodfill
 .text.choose_next_direction
                0x00000244      0x10e ./Micro_Mouse_Services/micro_mouse.o
                0x00000244                choose_next_direction
 .text.build_shortest_path
                0x00000352      0x1c6 ./Micro_Mouse_Services/micro_mouse.o
                0x00000352                build_shortest_path
 .text.build_shortest_path_reverse
                0x00000518      0x194 ./Micro_Mouse_Services/micro_mouse.o
                0x00000518                build_shortest_path_reverse
 .text.rotate_to_dir
                0x000006ac      0x15c ./Micro_Mouse_Services/micro_mouse.o
                0x000006ac                rotate_to_dir
 .text.move_forward_one_cell
                0x00000808       0xdc ./Micro_Mouse_Services/micro_mouse.o
                0x00000808                move_forward_one_cell
 .text.replay_path
                0x000008e4       0x90 ./Micro_Mouse_Services/micro_mouse.o
                0x000008e4                replay_path
 .text.__vector_1
                0x00000974       0x50 ./Micro_Mouse_Services/micro_mouse.o
                0x00000974                __vector_1
 .text.update_walls
                0x000009c4      0x19c ./Micro_Mouse_Services/micro_mouse.o
                0x000009c4                update_walls
 .text.GPIO_setupPinDirection
                0x00000b60       0xe8 ./MCAL/gpio.o
                0x00000b60                GPIO_setupPinDirection
 .text.GPIO_writePin
                0x00000c48       0xe8 ./MCAL/gpio.o
                0x00000c48                GPIO_writePin
 .text.GPIO_readPin
                0x00000d30       0x3c ./MCAL/gpio.o
                0x00000d30                GPIO_readPin
 .text.GPIO_setupPortDirection
                0x00000d6c       0x26 ./MCAL/gpio.o
                0x00000d6c                GPIO_setupPortDirection
 .text.GPIO_writePort
                0x00000d92       0x26 ./MCAL/gpio.o
                0x00000d92                GPIO_writePort
 .text.GPIO_readPort
                0x00000db8       0x2a ./MCAL/gpio.o
                0x00000db8                GPIO_readPort
 .text.Motors_init
                0x00000de2       0x2a ./HAL/DC_Motor.o
                0x00000de2                Motors_init
 .text.DC_RIGHT
                0x00000e0c       0x38 ./HAL/DC_Motor.o
                0x00000e0c                DC_RIGHT
 .text.DC_LEFT  0x00000e44       0x38 ./HAL/DC_Motor.o
                0x00000e44                DC_LEFT
 .text.IR1_init
                0x00000e7c        0x4 ./HAL/IR_sensor.o
                0x00000e7c                IR1_init
 .text.IR3_init
                0x00000e80        0x4 ./HAL/IR_sensor.o
                0x00000e80                IR3_init
 .text.IR8_init
                0x00000e84        0x4 ./HAL/IR_sensor.o
                0x00000e84                IR8_init
 .text.IR_FRONT_LEFT_init
                0x00000e88        0x4 ./HAL/IR_sensor.o
                0x00000e88                IR_FRONT_LEFT_init
 .text.IR_FRONT_RIGHT_init
                0x00000e8c        0x4 ./HAL/IR_sensor.o
                0x00000e8c                IR_FRONT_RIGHT_init
 .text.IR1_getState
                0x00000e90        0x8 ./HAL/IR_sensor.o
                0x00000e90                IR1_getState
 .text.IR3_getState
                0x00000e98        0xc ./HAL/IR_sensor.o
                0x00000e98                IR3_getState
 .text.IR8_getState
                0x00000ea4        0xc ./HAL/IR_sensor.o
                0x00000ea4                IR8_getState
 .text.IR_FRONT_LEFT_getState
                0x00000eb0        0xc ./HAL/IR_sensor.o
                0x00000eb0                IR_FRONT_LEFT_getState
 .text.IR_FRONT_RIGHT_getState
                0x00000ebc        0xe ./HAL/IR_sensor.o
                0x00000ebc                IR_FRONT_RIGHT_getState
 .text.main     0x00000eca      0x27e ./APP/main.o
                0x00000eca                main
 .text.libgcc   0x00001148       0x26 c:/winavr-20100110/bin/../lib/gcc/avr/4.3.3/avr5\libgcc.a(_divmodhi4.o)
                0x00001148                __divmodhi4
                0x00001148                _div
 .text.libgcc   0x0000116e        0x0 c:/winavr-20100110/bin/../lib/gcc/avr/4.3.3/avr5\libgcc.a(_exit.o)
 .text.libgcc   0x0000116e        0x0 c:/winavr-20100110/bin/../lib/gcc/avr/4.3.3/avr5\libgcc.a(_copy_data.o)
 .text.libgcc   0x0000116e        0x0 c:/winavr-20100110/bin/../lib/gcc/avr/4.3.3/avr5\libgcc.a(_clear_bss.o)
 .text.libgcc   0x0000116e       0x28 c:/winavr-20100110/bin/../lib/gcc/avr/4.3.3/avr5\libgcc.a(_udivmodhi4.o)
                0x0000116e                __udivmodhi4
                0x00001196                . = ALIGN (0x2)
 *(.fini9)
 .fini9         0x00001196        0x0 c:/winavr-20100110/bin/../lib/gcc/avr/4.3.3/avr5\libgcc.a(_exit.o)
                0x00001196                exit
                0x00001196                _exit
 *(.fini9)
 *(.fini8)
 *(.fini8)
 *(.fini7)
 *(.fini7)
 *(.fini6)
 *(.fini6)
 *(.fini5)
 *(.fini5)
 *(.fini4)
 *(.fini4)
 *(.fini3)
 *(.fini3)
 *(.fini2)
 *(.fini2)
 *(.fini1)
 *(.fini1)
 *(.fini0)
 .fini0         0x00001196        0x4 c:/winavr-20100110/bin/../lib/gcc/avr/4.3.3/avr5\libgcc.a(_exit.o)
 *(.fini0)
                0x0000119a                _etext = .

.data           0x00800060       0x10 load address 0x0000119a
                0x00800060                PROVIDE (__data_start, .)
 *(.data)
 .data          0x00800060        0x0 c:/winavr-20100110/bin/../lib/gcc/avr/4.3.3/../../../../avr/lib/avr5/crtm32.o
 .data          0x00800060        0x0 ./Micro_Mouse_Services/micro_mouse.o
 .data          0x00800060        0x0 ./MCAL/gpio.o
 .data          0x00800060        0x0 ./HAL/DC_Motor.o
 .data          0x00800060        0x0 ./HAL/IR_sensor.o
 .data          0x00800060        0x0 ./APP/main.o
 .data          0x00800060        0x0 c:/winavr-20100110/bin/../lib/gcc/avr/4.3.3/avr5\libgcc.a(_divmodhi4.o)
 .data          0x00800060        0x0 c:/winavr-20100110/bin/../lib/gcc/avr/4.3.3/avr5\libgcc.a(_exit.o)
 .data          0x00800060        0x0 c:/winavr-20100110/bin/../lib/gcc/avr/4.3.3/avr5\libgcc.a(_copy_data.o)
 .data          0x00800060        0x0 c:/winavr-20100110/bin/../lib/gcc/avr/4.3.3/avr5\libgcc.a(_clear_bss.o)
 .data          0x00800060        0x0 c:/winavr-20100110/bin/../lib/gcc/avr/4.3.3/avr5\libgcc.a(_udivmodhi4.o)
 *(.data*)
 .data.dx       0x00800060        0x8 ./Micro_Mouse_Services/micro_mouse.o
                0x00800060                dx
 .data.dy       0x00800068        0x8 ./Micro_Mouse_Services/micro_mouse.o
                0x00800068                dy
 *(.rodata)
 *(.rodata*)
 *(.gnu.linkonce.d*)
                0x00800070                . = ALIGN (0x2)
                0x00800070                _edata = .
                0x00800070                PROVIDE (__data_end, .)

.bss            0x00800070      0x1c9
                0x00800070                PROVIDE (__bss_start, .)
 *(.bss)
 .bss           0x00800070        0x0 c:/winavr-20100110/bin/../lib/gcc/avr/4.3.3/../../../../avr/lib/avr5/crtm32.o
 .bss           0x00800070        0x0 ./Micro_Mouse_Services/micro_mouse.o
 .bss           0x00800070        0x0 ./MCAL/gpio.o
 .bss           0x00800070        0x0 ./HAL/DC_Motor.o
 .bss           0x00800070        0x0 ./HAL/IR_sensor.o
 .bss           0x00800070        0x0 ./APP/main.o
 .bss           0x00800070        0x0 c:/winavr-20100110/bin/../lib/gcc/avr/4.3.3/avr5\libgcc.a(_divmodhi4.o)
 .bss           0x00800070        0x0 c:/winavr-20100110/bin/../lib/gcc/avr/4.3.3/avr5\libgcc.a(_exit.o)
 .bss           0x00800070        0x0 c:/winavr-20100110/bin/../lib/gcc/avr/4.3.3/avr5\libgcc.a(_copy_data.o)
 .bss           0x00800070        0x0 c:/winavr-20100110/bin/../lib/gcc/avr/4.3.3/avr5\libgcc.a(_clear_bss.o)
 .bss           0x00800070        0x0 c:/winavr-20100110/bin/../lib/gcc/avr/4.3.3/avr5\libgcc.a(_udivmodhi4.o)
 *(.bss*)
 .bss.wsl       0x00800070        0x1 ./Micro_Mouse_Services/micro_mouse.o
                0x00800070                wsl
 .bss.goal_reached
                0x00800071        0x1 ./Micro_Mouse_Services/micro_mouse.o
                0x00800071                goal_reached
 .bss.pos_x     0x00800072        0x2 ./Micro_Mouse_Services/micro_mouse.o
                0x00800072                pos_x
 .bss.pos_y     0x00800074        0x2 ./Micro_Mouse_Services/micro_mouse.o
                0x00800074                pos_y
 .bss.heading   0x00800076        0x1 ./Micro_Mouse_Services/micro_mouse.o
                0x00800076                heading
 .bss.path_len  0x00800077        0x2 ./Micro_Mouse_Services/micro_mouse.o
                0x00800077                path_len
 *(COMMON)
 COMMON         0x00800079      0x1c0 ./Micro_Mouse_Services/micro_mouse.o
                0x00800079                path_x
                0x008000b9                queue_y
                0x008000f9                distance
                0x00800139                maze
                0x00800179                queue_x
                0x008001b9                path_dir
                0x008001f9                path_y
                0x00800239                PROVIDE (__bss_end, .)
                0x0000119a                __data_load_start = LOADADDR (.data)
                0x000011aa                __data_load_end = (__data_load_start + SIZEOF (.data))

.noinit         0x00800239        0x0
                0x00800239                PROVIDE (__noinit_start, .)
 *(.noinit*)
                0x00800239                PROVIDE (__noinit_end, .)
                0x00800239                _end = .
                0x00800239                PROVIDE (__heap_start, .)

.eeprom         0x00810000        0x0
 *(.eeprom*)
                0x00810000                __eeprom_end = .

.fuse
 *(.fuse)
 *(.lfuse)
 *(.hfuse)
 *(.efuse)

.lock
 *(.lock*)

.signature
 *(.signature*)

.stab           0x00000000     0x2c70
 *(.stab)
 .stab          0x00000000     0x18fc ./Micro_Mouse_Services/micro_mouse.o
 .stab          0x000018fc      0x5f4 ./MCAL/gpio.o
                                0x7b0 (size before relaxing)
 .stab          0x00001ef0      0x384 ./HAL/DC_Motor.o
                                0x540 (size before relaxing)
 .stab          0x00002274      0x330 ./HAL/IR_sensor.o
                                0x4ec (size before relaxing)
 .stab          0x000025a4      0x6cc ./APP/main.o
                                0x888 (size before relaxing)

.stabstr        0x00000000     0x14f6
 *(.stabstr)
 .stabstr       0x00000000     0x14f6 ./Micro_Mouse_Services/micro_mouse.o

.stab.excl
 *(.stab.excl)

.stab.exclstr
 *(.stab.exclstr)

.stab.index
 *(.stab.index)

.stab.indexstr
 *(.stab.indexstr)

.comment
 *(.comment)

.debug
 *(.debug)

.line
 *(.line)

.debug_srcinfo
 *(.debug_srcinfo)

.debug_sfnames
 *(.debug_sfnames)

.debug_aranges
 *(.debug_aranges)

.debug_pubnames
 *(.debug_pubnames)

.debug_info
 *(.debug_info)
 *(.gnu.linkonce.wi.*)

.debug_abbrev
 *(.debug_abbrev)

.debug_line
 *(.debug_line)

.debug_frame
 *(.debug_frame)

.debug_str
 *(.debug_str)

.debug_loc
 *(.debug_loc)

.debug_macinfo
 *(.debug_macinfo)
OUTPUT(micro_magdy.elf elf32-avr)
LOAD linker stubs
